// Jest Snapshot v1, https://goo.gl/fbAQLP

exports[`WatchList component should display empty 1`] = `""`;

exports[`WatchList component should show as watchlist 1`] = `
<div
  className="stockList"
>
  <WatchRow
    key="a"
    stock={
      Object {
        "symbol": "a",
      }
    }
  />
  <WatchRow
    key="c"
    stock={
      Object {
        "symbol": "c",
      }
    }
  />
  <WatchRow
    key="z"
    stock={
      Object {
        "symbol": "z",
      }
    }
  />
</div>
`;

exports[`WatchList component should sort list 1`] = `
<div
  className="stockList"
>
  <WatchRow
    key="a"
    stock={
      Object {
        "symbol": "a",
      }
    }
  />
  <WatchRow
    key="c"
    stock={
      Object {
        "symbol": "c",
      }
    }
  />
  <WatchRow
    key="z"
    stock={
      Object {
        "symbol": "z",
      }
    }
  />
</div>
`;
